// Jest Snapshot v1, https://goo.gl/fbAQLP

exports[`<Container /> component should match snapshot 1`] = `
<DocumentFragment>
  <section
    class="container ph3 ph5-m ph2-xl mw9 center "
  >
     Test 
  </section>
</DocumentFragment>
`;
