// Jest Snapshot v1, https://goo.gl/fbAQLP

exports[`<GradientCollapse /> component should match snapshot 1`] = `
<DocumentFragment>
  <div
    class="container relative"
    style="transition: 600ms ease-in-out; height: auto; overflow: hidden; display: block;"
  >
    <div
      class="content h-auto"
    >
      Test
    </div>
    <div
      class="pointerEventsNone dn absolute bottom-0 w-100 h-100 flex-column justify-end"
    >
      <div
        class="fadeBottom w-100 h-50"
        style="transition: 400ms ease-in-out;"
      />
      <div
        class="pointerEventsAuto bg-base tc w-100"
      >
        <button
          class="showMoreButton c-action-primary t-action pointer ma5 bn outline-0"
        >
          Show more
        </button>
      </div>
    </div>
  </div>
</DocumentFragment>
`;
