// Jest Snapshot v1, https://goo.gl/fbAQLP

exports[`<Share /> should match snapshot Loader 1`] = `
<DocumentFragment>
  <div
    class="shareContainer shareLoader"
  >
    <svg
      class="content-loader-mock"
    >
      <circle
        cx="1em"
        cy="1em"
        height="2em"
        r="1em"
      />
      <circle
        cx="3.5em"
        cy="1em"
        height="2em"
        r="1em"
      />
      <circle
        cx="6em"
        cy="1em"
        height="2em"
        r="1em"
      />
    </svg>
  </div>
</DocumentFragment>
`;

exports[`<Share /> should match the snapshot with E-mail 1`] = `
<DocumentFragment>
  <div
    class="shareContainer shareLoader"
  >
    <svg
      class="content-loader-mock"
    >
      <circle
        cx="1em"
        cy="1em"
        height="2em"
        r="1em"
      />
      <circle
        cx="3.5em"
        cy="1em"
        height="2em"
        r="1em"
      />
      <circle
        cx="6em"
        cy="1em"
        height="2em"
        r="1em"
      />
    </svg>
  </div>
</DocumentFragment>
`;

exports[`<Share /> should match the snapshot with Facebook 1`] = `
<DocumentFragment>
  <div
    class="shareContainer shareLoader"
  >
    <svg
      class="content-loader-mock"
    >
      <circle
        cx="1em"
        cy="1em"
        height="2em"
        r="1em"
      />
      <circle
        cx="3.5em"
        cy="1em"
        height="2em"
        r="1em"
      />
      <circle
        cx="6em"
        cy="1em"
        height="2em"
        r="1em"
      />
    </svg>
  </div>
</DocumentFragment>
`;

exports[`<Share /> should match the snapshot with Telegram 1`] = `
<DocumentFragment>
  <div
    class="shareContainer shareLoader"
  >
    <svg
      class="content-loader-mock"
    >
      <circle
        cx="1em"
        cy="1em"
        height="2em"
        r="1em"
      />
      <circle
        cx="3.5em"
        cy="1em"
        height="2em"
        r="1em"
      />
      <circle
        cx="6em"
        cy="1em"
        height="2em"
        r="1em"
      />
    </svg>
  </div>
</DocumentFragment>
`;

exports[`<Share /> should match the snapshot with Twitter 1`] = `
<DocumentFragment>
  <div
    class="shareContainer shareLoader"
  >
    <svg
      class="content-loader-mock"
    >
      <circle
        cx="1em"
        cy="1em"
        height="2em"
        r="1em"
      />
      <circle
        cx="3.5em"
        cy="1em"
        height="2em"
        r="1em"
      />
      <circle
        cx="6em"
        cy="1em"
        height="2em"
        r="1em"
      />
    </svg>
  </div>
</DocumentFragment>
`;

exports[`<Share /> should match the snapshot with WhatsApp 1`] = `
<DocumentFragment>
  <div
    class="shareContainer shareLoader"
  >
    <svg
      class="content-loader-mock"
    >
      <circle
        cx="1em"
        cy="1em"
        height="2em"
        r="1em"
      />
      <circle
        cx="3.5em"
        cy="1em"
        height="2em"
        r="1em"
      />
      <circle
        cx="6em"
        cy="1em"
        height="2em"
        r="1em"
      />
    </svg>
  </div>
</DocumentFragment>
`;

exports[`<Share /> should match the snapshot with multiples Socials 1`] = `
<DocumentFragment>
  <div
    class="shareContainer shareLoader"
  >
    <svg
      class="content-loader-mock"
    >
      <circle
        cx="1em"
        cy="1em"
        height="2em"
        r="1em"
      />
      <circle
        cx="3.5em"
        cy="1em"
        height="2em"
        r="1em"
      />
      <circle
        cx="6em"
        cy="1em"
        height="2em"
        r="1em"
      />
    </svg>
  </div>
</DocumentFragment>
`;
